============================= test session starts =============================
platform win32 -- Python 3.11.6, pytest-9.0.2, pluggy-1.6.0 -- C:\Users\loaia\AppData\Local\Programs\Python\Python311\python.exe
cachedir: .pytest_cache
rootdir: E:\uaskstudents\backend
plugins: anyio-4.10.0, asyncio-1.3.0
asyncio: mode=Mode.STRICT, debug=False, asyncio_default_fixture_loop_scope=None, asyncio_default_test_loop_scope=function
collecting ... collected 4 items

tests/test_smoke.py::test_health_llm PASSED                              [ 25%]
tests/test_smoke.py::test_credits_estimate PASSED                        [ 50%]
tests/test_smoke.py::test_solve_standard_text PASSED                     [ 75%]
tests/test_smoke.py::test_solve_batch_idempotency PASSED                 [100%]

============================== 4 passed in 9.22s ==============================
