[RUNTIME_AUDIT] {"component": "sympy_safe_parser_parse", "duration_ms": 19, "error_class": null, "numpy_used": false, "ok": true, "request_id": null, "result": "ok", "route": null, "sympy_used": true}
[RUNTIME_AUDIT] {"component": "sympy_safe_parser_parse", "duration_ms": 0, "error_class": null, "numpy_used": false, "ok": true, "request_id": null, "result": "ok", "route": null, "sympy_used": true}
[RUNTIME_AUDIT] {"component": "sympy_numpy_safe_parser_eval", "duration_ms": 47, "error_class": null, "numpy_used": true, "ok": true, "points": 800, "request_id": null, "result": "ok", "route": null, "sympy_used": true}
[RUNTIME_AUDIT] {"component": "sympy_safe_parser_parse", "duration_ms": 0, "error_class": null, "numpy_used": false, "ok": true, "request_id": null, "result": "ok", "route": null, "sympy_used": true}
[RUNTIME_AUDIT] {"component": "sympy_safe_parser_parse", "duration_ms": 0, "error_class": null, "numpy_used": false, "ok": true, "request_id": null, "result": "ok", "route": null, "sympy_used": true}
[RUNTIME_AUDIT] {"component": "sympy_numpy_safe_parser_eval", "duration_ms": 1, "error_class": null, "numpy_used": true, "ok": true, "points": 800, "request_id": null, "result": "ok", "route": null, "sympy_used": true}
[RUNTIME_AUDIT] {"component": "sympy_safe_parser_parse", "duration_ms": 0, "error_class": null, "numpy_used": false, "ok": true, "request_id": null, "result": "ok", "route": null, "sympy_used": true}
[RUNTIME_AUDIT] {"component": "sympy_safe_parser_parse", "duration_ms": 0, "error_class": null, "numpy_used": false, "ok": true, "request_id": null, "result": "ok", "route": null, "sympy_used": true}
[RUNTIME_AUDIT] {"component": "sympy_numpy_safe_parser_eval", "duration_ms": 1, "error_class": null, "numpy_used": true, "ok": true, "points": 800, "request_id": null, "result": "ok", "route": null, "sympy_used": true}
[RUNTIME_AUDIT] {"component": "sympy_safe_parser_parse", "duration_ms": 0, "error_class": null, "numpy_used": false, "ok": true, "request_id": null, "result": "ok", "route": null, "sympy_used": true}
[RUNTIME_AUDIT] {"component": "sympy_safe_parser_parse", "duration_ms": 0, "error_class": null, "numpy_used": false, "ok": true, "request_id": null, "result": "ok", "route": null, "sympy_used": true}
[RUNTIME_AUDIT] {"component": "sympy_numpy_safe_parser_eval", "duration_ms": 1, "error_class": null, "numpy_used": true, "ok": true, "points": 800, "request_id": null, "result": "ok", "route": null, "sympy_used": true}
[RUNTIME_AUDIT] {"component": "sympy_safe_parser_parse", "duration_ms": 1, "error_class": null, "numpy_used": false, "ok": true, "request_id": null, "result": "ok", "route": null, "sympy_used": true}
[RUNTIME_AUDIT] {"component": "sympy_safe_parser_parse", "duration_ms": 0, "error_class": null, "numpy_used": false, "ok": true, "request_id": null, "result": "ok", "route": null, "sympy_used": true}
[RUNTIME_AUDIT] {"component": "sympy_numpy_safe_parser_eval", "duration_ms": 1, "error_class": null, "numpy_used": true, "ok": true, "points": 800, "request_id": null, "result": "ok", "route": null, "sympy_used": true}
[RUNTIME_AUDIT] {"component": "sympy_safe_parser_parse", "duration_ms": 0, "error_class": null, "numpy_used": false, "ok": true, "request_id": null, "result": "ok", "route": null, "sympy_used": true}
[RUNTIME_AUDIT] {"component": "sympy_safe_parser_parse", "duration_ms": 0, "error_class": null, "numpy_used": false, "ok": true, "request_id": null, "result": "ok", "route": null, "sympy_used": true}
[RUNTIME_AUDIT] {"component": "sympy_numpy_safe_parser_eval", "duration_ms": 1, "error_class": null, "numpy_used": true, "ok": true, "points": 800, "request_id": null, "result": "ok", "route": null, "sympy_used": true}
[RUNTIME_AUDIT] {"component": "sympy_safe_parser_parse", "duration_ms": 1, "error_class": null, "numpy_used": false, "ok": true, "request_id": null, "result": "ok", "route": null, "sympy_used": true}
[RUNTIME_AUDIT] {"component": "sympy_safe_parser_parse", "duration_ms": 0, "error_class": null, "numpy_used": false, "ok": true, "request_id": null, "result": "ok", "route": null, "sympy_used": true}
[RUNTIME_AUDIT] {"component": "sympy_numpy_safe_parser_eval", "duration_ms": 1, "error_class": null, "numpy_used": true, "ok": true, "points": 800, "request_id": null, "result": "ok", "route": null, "sympy_used": true}
[RUNTIME_AUDIT] {"component": "sympy_safe_parser_parse", "duration_ms": 1, "error_class": null, "numpy_used": false, "ok": true, "request_id": null, "result": "ok", "route": null, "sympy_used": true}
[RUNTIME_AUDIT] {"component": "sympy_safe_parser_parse", "duration_ms": 0, "error_class": null, "numpy_used": false, "ok": true, "request_id": null, "result": "ok", "route": null, "sympy_used": true}
[RUNTIME_AUDIT] {"component": "sympy_numpy_safe_parser_eval", "duration_ms": 0, "error_class": null, "numpy_used": true, "ok": true, "points": 800, "request_id": null, "result": "ok", "route": null, "sympy_used": true}
[RUNTIME_AUDIT] {"component": "sympy_safe_parser_parse", "duration_ms": 0, "error_class": null, "numpy_used": false, "ok": true, "request_id": null, "result": "ok", "route": null, "sympy_used": true}
[RUNTIME_AUDIT] {"component": "sympy_safe_parser_parse", "duration_ms": 0, "error_class": null, "numpy_used": false, "ok": true, "request_id": null, "result": "ok", "route": null, "sympy_used": true}
[RUNTIME_AUDIT] {"component": "sympy_numpy_safe_parser_eval", "duration_ms": 0, "error_class": null, "numpy_used": true, "ok": true, "points": 800, "request_id": null, "result": "ok", "route": null, "sympy_used": true}
[RUNTIME_AUDIT] {"component": "sympy_safe_parser_parse", "duration_ms": 0, "error_class": null, "numpy_used": false, "ok": true, "request_id": null, "result": "ok", "route": null, "sympy_used": true}
[RUNTIME_AUDIT] {"component": "sympy_safe_parser_parse", "duration_ms": 0, "error_class": null, "numpy_used": false, "ok": true, "request_id": null, "result": "ok", "route": null, "sympy_used": true}
[RUNTIME_AUDIT] {"component": "sympy_numpy_safe_parser_eval", "duration_ms": 0, "error_class": null, "numpy_used": true, "ok": true, "points": 800, "request_id": null, "result": "ok", "route": null, "sympy_used": true}
[RUNTIME_AUDIT] {"component": "sympy_safe_parser_parse", "duration_ms": 0, "error_class": null, "numpy_used": false, "ok": true, "request_id": null, "result": "ok", "route": null, "sympy_used": true}
[RUNTIME_AUDIT] {"component": "sympy_safe_parser_parse", "duration_ms": 0, "error_class": null, "numpy_used": false, "ok": true, "request_id": null, "result": "ok", "route": null, "sympy_used": true}
[RUNTIME_AUDIT] {"component": "sympy_numpy_safe_parser_eval", "duration_ms": 1, "error_class": null, "numpy_used": true, "ok": true, "points": 800, "request_id": null, "result": "ok", "route": null, "sympy_used": true}
[RUNTIME_AUDIT] {"component": "sympy_safe_parser_parse", "duration_ms": 0, "error_class": null, "numpy_used": false, "ok": true, "request_id": null, "result": "ok", "route": null, "sympy_used": true}
[RUNTIME_AUDIT] {"component": "sympy_safe_parser_parse", "duration_ms": 0, "error_class": null, "numpy_used": false, "ok": true, "request_id": null, "result": "ok", "route": null, "sympy_used": true}
[RUNTIME_AUDIT] {"component": "sympy_numpy_safe_parser_eval", "duration_ms": 0, "error_class": null, "numpy_used": true, "ok": true, "points": 800, "request_id": null, "result": "ok", "route": null, "sympy_used": true}
[RUNTIME_AUDIT] {"component": "sympy_safe_parser_parse", "duration_ms": 1, "error_class": null, "numpy_used": false, "ok": true, "request_id": null, "result": "ok", "route": null, "sympy_used": true}
[RUNTIME_AUDIT] {"component": "sympy_safe_parser_parse", "duration_ms": 0, "error_class": null, "numpy_used": false, "ok": true, "request_id": null, "result": "ok", "route": null, "sympy_used": true}
[RUNTIME_AUDIT] {"component": "sympy_numpy_safe_parser_eval", "duration_ms": 1, "error_class": null, "numpy_used": true, "ok": true, "points": 800, "request_id": null, "result": "ok", "route": null, "sympy_used": true}
[RUNTIME_AUDIT] {"component": "sympy_safe_parser_parse", "duration_ms": 0, "error_class": null, "numpy_used": false, "ok": true, "request_id": null, "result": "ok", "route": null, "sympy_used": true}
[RUNTIME_AUDIT] {"component": "sympy_safe_parser_parse", "duration_ms": 0, "error_class": null, "numpy_used": false, "ok": true, "request_id": null, "result": "ok", "route": null, "sympy_used": true}
[RUNTIME_AUDIT] {"component": "sympy_numpy_safe_parser_eval", "duration_ms": 0, "error_class": null, "numpy_used": true, "ok": true, "points": 800, "request_id": null, "result": "ok", "route": null, "sympy_used": true}
[RUNTIME_AUDIT] {"component": "sympy_safe_parser_parse", "duration_ms": 0, "error_class": null, "numpy_used": false, "ok": true, "request_id": null, "result": "ok", "route": null, "sympy_used": true}
[RUNTIME_AUDIT] {"component": "sympy_safe_parser_parse", "duration_ms": 0, "error_class": null, "numpy_used": false, "ok": true, "request_id": null, "result": "ok", "route": null, "sympy_used": true}
[RUNTIME_AUDIT] {"component": "sympy_numpy_safe_parser_eval", "duration_ms": 0, "error_class": null, "numpy_used": true, "ok": true, "points": 800, "request_id": null, "result": "ok", "route": null, "sympy_used": true}
[RUNTIME_AUDIT] {"component": "sympy_safe_parser_parse", "duration_ms": 0, "error_class": null, "numpy_used": false, "ok": true, "request_id": null, "result": "ok", "route": null, "sympy_used": true}
[RUNTIME_AUDIT] {"component": "sympy_safe_parser_parse", "duration_ms": 0, "error_class": null, "numpy_used": false, "ok": true, "request_id": null, "result": "ok", "route": null, "sympy_used": true}
[RUNTIME_AUDIT] {"component": "sympy_numpy_safe_parser_eval", "duration_ms": 0, "error_class": null, "numpy_used": true, "ok": true, "points": 800, "request_id": null, "result": "ok", "route": null, "sympy_used": true}
[RUNTIME_AUDIT] {"component": "sympy_safe_parser_parse", "duration_ms": 1, "error_class": null, "numpy_used": false, "ok": true, "request_id": null, "result": "ok", "route": null, "sympy_used": true}
[RUNTIME_AUDIT] {"component": "sympy_safe_parser_parse", "duration_ms": 0, "error_class": null, "numpy_used": false, "ok": true, "request_id": null, "result": "ok", "route": null, "sympy_used": true}
[RUNTIME_AUDIT] {"component": "sympy_numpy_safe_parser_eval", "duration_ms": 0, "error_class": null, "numpy_used": true, "ok": true, "points": 800, "request_id": null, "result": "ok", "route": null, "sympy_used": true}
[RUNTIME_AUDIT] {"component": "sympy_safe_parser_parse", "duration_ms": 1, "error_class": null, "numpy_used": false, "ok": true, "request_id": null, "result": "ok", "route": null, "sympy_used": true}
[RUNTIME_AUDIT] {"component": "sympy_safe_parser_parse", "duration_ms": 0, "error_class": null, "numpy_used": false, "ok": true, "request_id": null, "result": "ok", "route": null, "sympy_used": true}
[RUNTIME_AUDIT] {"component": "sympy_numpy_safe_parser_eval", "duration_ms": 1, "error_class": null, "numpy_used": true, "ok": true, "points": 800, "request_id": null, "result": "ok", "route": null, "sympy_used": true}
[RUNTIME_AUDIT] {"component": "sympy_safe_parser_parse", "duration_ms": 1, "error_class": "unknown_variables", "numpy_used": false, "ok": false, "reason": "unknown_variables", "request_id": null, "result": "error", "route": null, "sympy_used": true}
[RUNTIME_AUDIT] {"component": "sympy_safe_parser_parse", "duration_ms": 0, "error_class": "unknown_variables", "numpy_used": false, "ok": false, "reason": "unknown_variables", "request_id": null, "result": "error", "route": null, "sympy_used": true}
[RUNTIME_AUDIT] {"component": "sympy_safe_parser_parse", "duration_ms": 0, "error_class": "unknown_variables", "numpy_used": false, "ok": false, "reason": "unknown_variables", "request_id": null, "result": "error", "route": null, "sympy_used": true}
[RUNTIME_AUDIT] {"component": "sympy_safe_parser_parse", "duration_ms": 0, "error_class": "unsafe_expression", "numpy_used": false, "ok": false, "reason": "unsafe_expression", "request_id": null, "result": "error", "route": null, "sympy_used": true}
[RUNTIME_AUDIT] {"component": "sympy_safe_parser_parse", "duration_ms": 0, "error_class": null, "numpy_used": false, "ok": true, "request_id": null, "result": "ok", "route": null, "sympy_used": true}
[RUNTIME_AUDIT] {"component": "sympy_numpy_safe_parser_eval", "duration_ms": 1, "error_class": null, "numpy_used": true, "ok": true, "points": 400, "request_id": null, "result": "ok", "route": null, "sympy_used": true}
[RUNTIME_AUDIT] {"component": "sympy_safe_parser_parse", "duration_ms": 0, "error_class": null, "numpy_used": false, "ok": true, "request_id": null, "result": "ok", "route": null, "sympy_used": true}
[RUNTIME_AUDIT] {"component": "sympy_numpy_safe_parser_eval", "duration_ms": 0, "error_class": null, "numpy_used": true, "ok": true, "points": 400, "request_id": null, "result": "ok", "route": null, "sympy_used": true}
[RUNTIME_AUDIT] {"component": "sympy_safe_parser_parse", "duration_ms": 0, "error_class": null, "numpy_used": false, "ok": true, "request_id": null, "result": "ok", "route": null, "sympy_used": true}
[RUNTIME_AUDIT] {"component": "sympy_numpy_safe_parser_eval", "duration_ms": 1, "error_class": null, "numpy_used": true, "ok": true, "points": 400, "request_id": null, "result": "ok", "route": null, "sympy_used": true}
[RUNTIME_AUDIT] {"component": "sympy_safe_parser_parse", "duration_ms": 0, "error_class": null, "numpy_used": false, "ok": true, "request_id": null, "result": "ok", "route": null, "sympy_used": true}
[RUNTIME_AUDIT] {"component": "sympy_numpy_safe_parser_eval", "duration_ms": 1, "error_class": null, "numpy_used": true, "ok": true, "points": 200, "request_id": null, "result": "ok", "route": null, "sympy_used": true}
[RUNTIME_AUDIT] {"component": "numpy_plot_renderer_generate_data", "duration_ms": 1, "error_class": null, "numpy_used": true, "request_id": null, "result": "ok", "route": null, "series_count": 1, "sympy_used": false}
