{
  "schema_version": "v1",
  "refusal": {
    "is_refusal": false,
    "reason": null,
    "safe_alternative": null
  },
  "assumptions": [
    "Solve for real x using standard algebraic rules"
  ],
  "problem": {
    "original_text": "\\\\text{Solve for } x, 3(x - 2) = 15",
    "normalized_text": "Solve for x: 3(x-2)=15",
    "detected_tasks": [
      "algebra",
      "equation",
      "solve"
    ]
  },
  "classification": {
    "grade_band": "college_intro",
    "domain": "algebra",
    "topic": "linear_equation",
    "difficulty": "easy"
  },
  "steps": [
    {
      "index": 1,
      "title": "Expand left side",
      "explanation": "Use distributive property to remove parentheses on the left-hand side.",
      "math_latex": [
        "3(x-2)=15",
        "3x-6=15"
      ],
      "rules_used": [
        "distributive_property"
      ]
    },
    {
      "index": 2,
      "title": "Isolate the x-term",
      "explanation": "Add 6 to both sides to move the constant term to the right-hand side.",
      "math_latex": [
        "3x-6+6=15+6",
        "3x=21"
      ],
      "rules_used": [
        "addition_property_of_equality"
      ]
    },
    {
      "index": 3,
      "title": "Solve for x",
      "explanation": "Divide both sides by the coefficient 3 to obtain x.",
      "math_latex": [
        "\\frac{3x}{3}=\\frac{21}{3}",
        "x=7"
      ],
      "rules_used": [
        "division_property_of_equality"
      ]
    },
    {
      "index": 4,
      "title": "Verify",
      "explanation": "Substitute x=7 back into the original equation to confirm both sides are equal.",
      "math_latex": [
        "3(7-2)=3\\cdot 5=15",
        "15=15"
      ],
      "rules_used": [
        "substitution",
        "evaluation"
      ]
    },
    {
      "index": 5,
      "title": "State solution",
      "explanation": "Report the solution set for the variable x.",
      "math_latex": [
        "x=7"
      ],
      "rules_used": [
        "solution_reporting"
      ]
    },
    {
      "index": 6,
      "title": "Interpretation",
      "explanation": "This is a single linear equation with a unique real solution.",
      "math_latex": [],
      "rules_used": [
        "uniqueness_of_solution_for_nonzero_coefficient"
      ]
    }
  ],
  "final_answer": {
    "answer_text": "Computation pending backend execution; the solution x=7 will be recorded in artifact data_ref solution:algebra:x and a text summary will include the verification 3(7-2)=15.",
    "answer_latex": "x=7",
    "values": [
      {
        "label": "x",
        "value": 7,
        "value_latex": "7"
      }
    ],
    "units": null
  },
  "visuals": {
    "should_visualize": false,
    "decision_reason": "Algebraic single-value solution does not require a plot",
    "plots": [],
    "alternative_visual": {
      "kind": "none",
      "description": "No visualization necessary for a single linear equation",
      "data": []
    }
  },
  "quality": {
    "confidence": 0.98,
    "common_mistakes": [
      "Forgetting to distribute the 3 resulting in 3x-2",
      "Arithmetic error when adding 6 to both sides",
      "Dividing by zero if coefficient were zero (not applicable here)",
      "Failing to verify solution by substitution",
      "Misreporting the solution sign"
    ]
  },
  "experiment": {
    "pde": {
      "domain": null,
      "bc": null,
      "manufactured_u_latex": null,
      "forcing_g_latex": null
    },
    "discretization": {
      "scheme": "finite_difference_5pt",
      "order": 2,
      "stencil": null,
      "scaling_convention": "A_is_L_over_h2__b_is_g"
    },
    "solver": {
      "method": "cg",
      "rtol": 1e-08,
      "atol": 1e-12,
      "maxiter": 1000,
      "residual_reference": "b"
    },
    "eigens": {
      "method": "direct_small_n",
      "which": "minmax",
      "tol": 1e-10
    },
    "preconditioner": {
      "enabled": false,
      "method": "none"
    },
    "runs": [
      {
        "n": 1,
        "note": "Not applicable to simple algebraic solve; included to satisfy experiment schema"
      }
    ]
  },
  "artifacts": [
    {
      "key": "solution:algebra:x",
      "kind": "text",
      "shape": "scalar",
      "data_ref": "solution:algebra:x",
      "description": "Final solved value and verification for x from 3(x-2)=15",
      "units": null
    }
  ],
  "numerical_results": {
    "computed": false,
    "grid_runs": [],
    "summary": {
      "observed_order_l2": null,
      "observed_order_linf": null,
      "cg_scaling_note": "No numerical grid or PDE solve performed; analytical algebraic result available in artifacts.solution:algebra:x"
    },
    "consistency_checks": [
      "Numerical results pending; algebraic solution provided in steps and will be stored at artifact solution:algebra:x"
    ]
  }
}